// Jest Snapshot v1, https://goo.gl/fbAQLP

exports[`Test GifGridItem should render 1`] = `
<div
  className="card animate__animated animate__fadeInDown"
>
  <img
    alt="test"
    src="test.com"
  />
  <p>
    test
  </p>
</div>
`;
